
===== 2026-06-02 10:46:01 =====

Name      Status  Versions
----      ------  --------
Rocky-Pub Updated 10.2



===== 2026-06-02 13:06:05 =====

Name      Status  Versions
----      ------  --------
AlmaLinux Updated 10.2, 8.9, 9.8
FreeBsd   Updated 15.1
OpenSuse  Updated /16.1
CentOS    Updated 10-stream/, 9-stream/
Archlinux Updated 2026.06.01/



===== 2026-06-02 13:08:51 =====

Name      Status  Versions
----      ------  --------
AlmaLinux Updated 10.2, 8.9, 9.8
FreeBsd   Updated 15.1
OpenSuse  Updated /16.1
CentOS    Updated 10-stream/, 9-stream/



===== 2026-06-02 13:18:41 =====

Name      Status  Versions
----      ------  --------
AlmaLinux Updated 10.2, 8.9, 9.8
FreeBsd   Updated 15.1
OpenSuse  Updated /16.1
CentOS    Updated 10-stream/, 9-stream/



===== 2026-06-02 13:28:43 =====

Name      Status  Versions
----      ------  --------
AlmaLinux Updated 10.2, 8.9, 9.8
FreeBsd   Updated 15.1
OpenSuse  Updated /16.1
CentOS    Updated 10-stream/, 9-stream/



===== 2026-06-02 13:30:49 =====

Name      Status  Versions
----      ------  --------
AlmaLinux Updated 10.2, 8.9, 9.8
Fedora    Updated 30, 31, 32, 33, 34, 35, 36, 37, 38, 39, 40, 41, 42, 43, 44
FreeBsd   Updated 15.1
OpenSuse  Updated /16.1
CentOS    Updated 10-stream/, 9-stream/



===== 2026-06-02 13:34:13 =====

Name      Status  Versions
----      ------  --------
AlmaLinux Updated 10.2, 8.9, 9.8
FreeBsd   Updated 15.1
OpenSuse  Updated /16.1
CentOS    Updated 10-stream/, 9-stream/



===== 2026-06-02 19:39:51 =====

Name      Status  Versions
----      ------  --------
AlmaLinux Updated 10.2, 8.9, 9.8
FreeBsd   Updated 15.1
OpenSuse  Updated /16.1
CentOS    Updated 10-stream/, 9-stream/


